../Core/Src/main.c:70:13:EnterStopMode	8	static
../Core/Src/main.c:79:13:BlinkTimes	24	static
../Core/Src/main.c:91:13:LogToPc	16	static
../Core/Src/main.c:96:26:Arduino_RequestCount	40	static
../Core/Src/main.c:142:6:HAL_RTCEx_WakeUpTimerEventCallback	16	static
../Core/Src/main.c:154:5:main	112	static
../Core/Src/main.c:236:6:SystemClock_Config	88	static
../Core/Src/main.c:272:13:MX_RTC_Init	32	static
../Core/Src/main.c:320:13:MX_USART1_UART_Init	8	static
../Core/Src/main.c:341:13:MX_USART2_UART_Init	8	static
../Core/Src/main.c:362:13:MX_GPIO_Init	32	static
../Core/Src/main.c:385:6:Error_Handler	4	static,ignoring_inline_asm
